// Jest Snapshot v1, https://goo.gl/fbAQLP

exports[`Home component renders correctly 1`] = `
<div>
  <div
    class="container"
  >
    <p
      class="intro"
    >
      Get live weather data by City name
    </p>
    <input
      placeholder="Enter city name"
      type="text"
      value=""
    />
    <ul
      class="card-list"
    >
      <li
        class="card"
      >
        <div
          class="loading-spinner"
        />
      </li>
      <li
        class="card"
      >
        <div
          class="loading-spinner"
        />
      </li>
      <li
        class="card"
      >
        <div
          class="loading-spinner"
        />
      </li>
      <li
        class="card"
      >
        <div
          class="loading-spinner"
        />
      </li>
      <li
        class="card"
      >
        <div
          class="loading-spinner"
        />
      </li>
      <li
        class="card"
      >
        <div
          class="loading-spinner"
        />
      </li>
      <li
        class="card"
      >
        <div
          class="loading-spinner"
        />
      </li>
      <li
        class="card"
      >
        <div
          class="loading-spinner"
        />
      </li>
      <li
        class="card"
      >
        <div
          class="loading-spinner"
        />
      </li>
      <li
        class="card"
      >
        <div
          class="loading-spinner"
        />
      </li>
      <li
        class="card"
      >
        <div
          class="loading-spinner"
        />
      </li>
      <li
        class="card"
      >
        <div
          class="loading-spinner"
        />
      </li>
      <li
        class="card"
      >
        <div
          class="loading-spinner"
        />
      </li>
      <li
        class="card"
      >
        <div
          class="loading-spinner"
        />
      </li>
      <li
        class="card"
      >
        <div
          class="loading-spinner"
        />
      </li>
      <li
        class="card"
      >
        <div
          class="loading-spinner"
        />
      </li>
      <li
        class="card"
      >
        <div
          class="loading-spinner"
        />
      </li>
      <li
        class="card"
      >
        <div
          class="loading-spinner"
        />
      </li>
      <li
        class="card"
      >
        <div
          class="loading-spinner"
        />
      </li>
      <li
        class="card"
      >
        <div
          class="loading-spinner"
        />
      </li>
      <li
        class="card"
      >
        <div
          class="loading-spinner"
        />
      </li>
      <li
        class="card"
      >
        <div
          class="loading-spinner"
        />
      </li>
      <li
        class="card"
      >
        <div
          class="loading-spinner"
        />
      </li>
      <li
        class="card"
      >
        <div
          class="loading-spinner"
        />
      </li>
      <li
        class="card"
      >
        <div
          class="loading-spinner"
        />
      </li>
      <li
        class="card"
      >
        <div
          class="loading-spinner"
        />
      </li>
      <li
        class="card"
      >
        <div
          class="loading-spinner"
        />
      </li>
      <li
        class="card"
      >
        <div
          class="loading-spinner"
        />
      </li>
      <li
        class="card"
      >
        <div
          class="loading-spinner"
        />
      </li>
      <li
        class="card"
      >
        <div
          class="loading-spinner"
        />
      </li>
    </ul>
  </div>
</div>
`;
